[2021-04-07_03:24:27 test.log] Обычное сообщение
[2021-04-07_03:24:27 test.log] [at inherit.php line 5] Отладочное сообщение
[2021-04-07_03:25:08 test.log] Обычное сообщение
[2021-04-07_03:25:08 test.log] [at inherit.php line 5] Отладочное сообщение
